MPLINK 5.08, LINKER
Linker Map File - Created Mon Sep  9 01:46:49 2024

                                 Section Info
                  Section       Type    Address   Location Size(Bytes)
                ---------  ---------  ---------  ---------  ---------
                 RES_VECT       code   0x000000    program   0x000002
                   .cinit    romdata   0x000001    program   0x000004
                 INT_VECT       code   0x000004    program   0x0000ea
.config_2007_BUILD/DEFAULT/PRODUCTION/NEWPIC_       code   0x002007    program   0x000002



                              Program Memory Usage 
                               Start         End      
                           ---------   ---------      
                            0x000000    0x000002      
                            0x000004    0x000078      
                            0x002007    0x002007      
            121 out of 8454 program addresses used, program memory utilization is 1%



                              Symbols - Sorted by Name
                     Name    Address   Location    Storage File                     
                ---------  ---------  ---------  --------- ---------                
           ACENDE_CENTENA   0x000056    program     static /home/matheus/Documentos/Disciplinas/Micro/MPLab X projects/projeto8.X/newpic_8b_simple.asm
            ACENDE_DEZENA   0x00005f    program     static /home/matheus/Documentos/Disciplinas/Micro/MPLab X projects/projeto8.X/newpic_8b_simple.asm
           ACENDE_UNIDADE   0x000068    program     static /home/matheus/Documentos/Disciplinas/Micro/MPLab X projects/projeto8.X/newpic_8b_simple.asm
         ATUALIZA_DISPLAY   0x00004d    program     static /home/matheus/Documentos/Disciplinas/Micro/MPLab X projects/projeto8.X/newpic_8b_simple.asm
             BUSCA_CODIGO   0x00006e    program     static /home/matheus/Documentos/Disciplinas/Micro/MPLab X projects/projeto8.X/newpic_8b_simple.asm
            B_INCREMENTAR   0x000027    program     static /home/matheus/Documentos/Disciplinas/Micro/MPLab X projects/projeto8.X/newpic_8b_simple.asm
         B_RESET_ACIONADO   0x000048    program     static /home/matheus/Documentos/Disciplinas/Micro/MPLab X projects/projeto8.X/newpic_8b_simple.asm
           LACO_PRINCIPAL   0x000020    program     static /home/matheus/Documentos/Disciplinas/Micro/MPLab X projects/projeto8.X/newpic_8b_simple.asm
          SAI_INTERRUPCAO   0x00000e    program     static /home/matheus/Documentos/Disciplinas/Micro/MPLab X projects/projeto8.X/newpic_8b_simple.asm
                    START   0x000012    program     static /home/matheus/Documentos/Disciplinas/Micro/MPLab X projects/projeto8.X/newpic_8b_simple.asm



                              Symbols - Sorted by Address
                     Name    Address   Location    Storage File                     
                ---------  ---------  ---------  --------- ---------                
          SAI_INTERRUPCAO   0x00000e    program     static /home/matheus/Documentos/Disciplinas/Micro/MPLab X projects/projeto8.X/newpic_8b_simple.asm
                    START   0x000012    program     static /home/matheus/Documentos/Disciplinas/Micro/MPLab X projects/projeto8.X/newpic_8b_simple.asm
           LACO_PRINCIPAL   0x000020    program     static /home/matheus/Documentos/Disciplinas/Micro/MPLab X projects/projeto8.X/newpic_8b_simple.asm
            B_INCREMENTAR   0x000027    program     static /home/matheus/Documentos/Disciplinas/Micro/MPLab X projects/projeto8.X/newpic_8b_simple.asm
         B_RESET_ACIONADO   0x000048    program     static /home/matheus/Documentos/Disciplinas/Micro/MPLab X projects/projeto8.X/newpic_8b_simple.asm
         ATUALIZA_DISPLAY   0x00004d    program     static /home/matheus/Documentos/Disciplinas/Micro/MPLab X projects/projeto8.X/newpic_8b_simple.asm
           ACENDE_CENTENA   0x000056    program     static /home/matheus/Documentos/Disciplinas/Micro/MPLab X projects/projeto8.X/newpic_8b_simple.asm
            ACENDE_DEZENA   0x00005f    program     static /home/matheus/Documentos/Disciplinas/Micro/MPLab X projects/projeto8.X/newpic_8b_simple.asm
           ACENDE_UNIDADE   0x000068    program     static /home/matheus/Documentos/Disciplinas/Micro/MPLab X projects/projeto8.X/newpic_8b_simple.asm
             BUSCA_CODIGO   0x00006e    program     static /home/matheus/Documentos/Disciplinas/Micro/MPLab X projects/projeto8.X/newpic_8b_simple.asm


