MPLINK 5.08, LINKER
Linker Map File - Created Wed Sep  4 14:31:05 2024

                                 Section Info
                  Section       Type    Address   Location Size(Bytes)
                ---------  ---------  ---------  ---------  ---------
                 RES_VECT       code   0x000000    program   0x000002
                   .cinit    romdata   0x000001    program   0x000004
                 INT_VECT       code   0x000004    program   0x0000d0
.config_2007_BUILD/DEFAULT/PRODUCTION/NEWPIC_       code   0x002007    program   0x000002



                              Program Memory Usage 
                               Start         End      
                           ---------   ---------      
                            0x000000    0x000002      
                            0x000004    0x00006b      
                            0x002007    0x002007      
            108 out of 2182 program addresses used, program memory utilization is 4%



                              Symbols - Sorted by Name
                     Name    Address   Location    Storage File                     
                ---------  ---------  ---------  --------- ---------                
         ATUALIZA_DISPLAY   0x000057    program     static /home/matheus/Documentos/Disciplinas/Micro/MPLab X projects/pwm_sort.X/newpic_8b_simple.asm
             BUSCA_CODIGO   0x00005b    program     static /home/matheus/Documentos/Disciplinas/Micro/MPLab X projects/pwm_sort.X/newpic_8b_simple.asm
        B_DOWN_N_ACIONADO   0x000053    program     static /home/matheus/Documentos/Disciplinas/Micro/MPLab X projects/pwm_sort.X/newpic_8b_simple.asm
        B_UP_NAO_ACIONADO   0x00003f    program     static /home/matheus/Documentos/Disciplinas/Micro/MPLab X projects/pwm_sort.X/newpic_8b_simple.asm
         B_ZERAR_ACIONADO   0x00003c    program     static /home/matheus/Documentos/Disciplinas/Micro/MPLab X projects/pwm_sort.X/newpic_8b_simple.asm
                CONFIGURE   0x00001c    program     static /home/matheus/Documentos/Disciplinas/Micro/MPLab X projects/pwm_sort.X/newpic_8b_simple.asm
                 EH_MENOR   0x000017    program     static /home/matheus/Documentos/Disciplinas/Micro/MPLab X projects/pwm_sort.X/newpic_8b_simple.asm
              EH_NEGATIVO   0x000050    program     static /home/matheus/Documentos/Disciplinas/Micro/MPLab X projects/pwm_sort.X/newpic_8b_simple.asm
           LACO_PRINCIPAL   0x00002c    program     static /home/matheus/Documentos/Disciplinas/Micro/MPLab X projects/pwm_sort.X/newpic_8b_simple.asm
          SAI_INTERRUPCAO   0x000018    program     static /home/matheus/Documentos/Disciplinas/Micro/MPLab X projects/pwm_sort.X/newpic_8b_simple.asm



                              Symbols - Sorted by Address
                     Name    Address   Location    Storage File                     
                ---------  ---------  ---------  --------- ---------                
                 EH_MENOR   0x000017    program     static /home/matheus/Documentos/Disciplinas/Micro/MPLab X projects/pwm_sort.X/newpic_8b_simple.asm
          SAI_INTERRUPCAO   0x000018    program     static /home/matheus/Documentos/Disciplinas/Micro/MPLab X projects/pwm_sort.X/newpic_8b_simple.asm
                CONFIGURE   0x00001c    program     static /home/matheus/Documentos/Disciplinas/Micro/MPLab X projects/pwm_sort.X/newpic_8b_simple.asm
           LACO_PRINCIPAL   0x00002c    program     static /home/matheus/Documentos/Disciplinas/Micro/MPLab X projects/pwm_sort.X/newpic_8b_simple.asm
         B_ZERAR_ACIONADO   0x00003c    program     static /home/matheus/Documentos/Disciplinas/Micro/MPLab X projects/pwm_sort.X/newpic_8b_simple.asm
        B_UP_NAO_ACIONADO   0x00003f    program     static /home/matheus/Documentos/Disciplinas/Micro/MPLab X projects/pwm_sort.X/newpic_8b_simple.asm
              EH_NEGATIVO   0x000050    program     static /home/matheus/Documentos/Disciplinas/Micro/MPLab X projects/pwm_sort.X/newpic_8b_simple.asm
        B_DOWN_N_ACIONADO   0x000053    program     static /home/matheus/Documentos/Disciplinas/Micro/MPLab X projects/pwm_sort.X/newpic_8b_simple.asm
         ATUALIZA_DISPLAY   0x000057    program     static /home/matheus/Documentos/Disciplinas/Micro/MPLab X projects/pwm_sort.X/newpic_8b_simple.asm
             BUSCA_CODIGO   0x00005b    program     static /home/matheus/Documentos/Disciplinas/Micro/MPLab X projects/pwm_sort.X/newpic_8b_simple.asm


