MPLINK 5.08, LINKER
Linker Map File - Created Wed Aug 21 23:59:50 2024

                                 Section Info
                  Section       Type    Address   Location Size(Bytes)
                ---------  ---------  ---------  ---------  ---------
                 RES_VECT       code   0x000000    program   0x00005a
                   .cinit    romdata   0x00002d    program   0x000004
.config_2007_BUILD/DEFAULT/PRODUCTION/NEWPIC_       code   0x002007    program   0x000002



                              Program Memory Usage 
                               Start         End      
                           ---------   ---------      
                            0x000000    0x00002e      
                            0x002007    0x002007      
            48 out of 2182 program addresses used, program memory utilization is 2%



                              Symbols - Sorted by Name
                     Name    Address   Location    Storage File                     
                ---------  ---------  ---------  --------- ---------                
                    DELAY   0x000026    program     static /home/matheus/Documentos/Disciplinas/Micro/MPLab X projects/pisca_pisca.X/newpic_8b_simple.asm
               DELAY_LOOP   0x000027    program     static /home/matheus/Documentos/Disciplinas/Micro/MPLab X projects/pisca_pisca.X/newpic_8b_simple.asm
           DESLIGAR_PISCA   0x000023    program     static /home/matheus/Documentos/Disciplinas/Micro/MPLab X projects/pisca_pisca.X/newpic_8b_simple.asm
            ESPERAR_TEMPO   0x000020    program     static /home/matheus/Documentos/Disciplinas/Micro/MPLab X projects/pisca_pisca.X/newpic_8b_simple.asm
            INICIAR_PISCA   0x000015    program     static /home/matheus/Documentos/Disciplinas/Micro/MPLab X projects/pisca_pisca.X/newpic_8b_simple.asm
               LACO_PISCA   0x000018    program     static /home/matheus/Documentos/Disciplinas/Micro/MPLab X projects/pisca_pisca.X/newpic_8b_simple.asm
           LACO_PISCA_OFF   0x00001f    program     static /home/matheus/Documentos/Disciplinas/Micro/MPLab X projects/pisca_pisca.X/newpic_8b_simple.asm
           LACO_PRINCIPAL   0x000008    program     static /home/matheus/Documentos/Disciplinas/Micro/MPLab X projects/pisca_pisca.X/newpic_8b_simple.asm
                PISCA_2HZ   0x00000f    program     static /home/matheus/Documentos/Disciplinas/Micro/MPLab X projects/pisca_pisca.X/newpic_8b_simple.asm
                PISCA_5HZ   0x000012    program     static /home/matheus/Documentos/Disciplinas/Micro/MPLab X projects/pisca_pisca.X/newpic_8b_simple.asm



                              Symbols - Sorted by Address
                     Name    Address   Location    Storage File                     
                ---------  ---------  ---------  --------- ---------                
           LACO_PRINCIPAL   0x000008    program     static /home/matheus/Documentos/Disciplinas/Micro/MPLab X projects/pisca_pisca.X/newpic_8b_simple.asm
                PISCA_2HZ   0x00000f    program     static /home/matheus/Documentos/Disciplinas/Micro/MPLab X projects/pisca_pisca.X/newpic_8b_simple.asm
                PISCA_5HZ   0x000012    program     static /home/matheus/Documentos/Disciplinas/Micro/MPLab X projects/pisca_pisca.X/newpic_8b_simple.asm
            INICIAR_PISCA   0x000015    program     static /home/matheus/Documentos/Disciplinas/Micro/MPLab X projects/pisca_pisca.X/newpic_8b_simple.asm
               LACO_PISCA   0x000018    program     static /home/matheus/Documentos/Disciplinas/Micro/MPLab X projects/pisca_pisca.X/newpic_8b_simple.asm
           LACO_PISCA_OFF   0x00001f    program     static /home/matheus/Documentos/Disciplinas/Micro/MPLab X projects/pisca_pisca.X/newpic_8b_simple.asm
            ESPERAR_TEMPO   0x000020    program     static /home/matheus/Documentos/Disciplinas/Micro/MPLab X projects/pisca_pisca.X/newpic_8b_simple.asm
           DESLIGAR_PISCA   0x000023    program     static /home/matheus/Documentos/Disciplinas/Micro/MPLab X projects/pisca_pisca.X/newpic_8b_simple.asm
                    DELAY   0x000026    program     static /home/matheus/Documentos/Disciplinas/Micro/MPLab X projects/pisca_pisca.X/newpic_8b_simple.asm
               DELAY_LOOP   0x000027    program     static /home/matheus/Documentos/Disciplinas/Micro/MPLab X projects/pisca_pisca.X/newpic_8b_simple.asm


