MPLINK 5.08, LINKER
Linker Map File - Created Tue Aug 27 22:15:20 2024

                                 Section Info
                  Section       Type    Address   Location Size(Bytes)
                ---------  ---------  ---------  ---------  ---------
                 RES_VECT       code   0x000000    program   0x00005e
                   .cinit    romdata   0x00002f    program   0x000004
.config_2007_BUILD/DEFAULT/PRODUCTION/NEWPIC_       code   0x002007    program   0x000002



                              Program Memory Usage 
                               Start         End      
                           ---------   ---------      
                            0x000000    0x000030      
                            0x002007    0x002007      
            50 out of 2182 program addresses used, program memory utilization is 2%



                              Symbols - Sorted by Name
                     Name    Address   Location    Storage File                     
                ---------  ---------  ---------  --------- ---------                
               DEC_TEMPO1   0x00002c    program     static /home/matheus/Documentos/Disciplinas/Micro/MPLab X projects/pisca_pisca_com_input.X/newpic_8b_simple.asm
               DEC_TEMPO2   0x000021    program     static /home/matheus/Documentos/Disciplinas/Micro/MPLab X projects/pisca_pisca_com_input.X/newpic_8b_simple.asm
            ESPERAR_100MS   0x00001b    program     static /home/matheus/Documentos/Disciplinas/Micro/MPLab X projects/pisca_pisca_com_input.X/newpic_8b_simple.asm
            ESPERAR_250MS   0x000018    program     static /home/matheus/Documentos/Disciplinas/Micro/MPLab X projects/pisca_pisca_com_input.X/newpic_8b_simple.asm
        INICIALIZA_TEMPO2   0x00001e    program     static /home/matheus/Documentos/Disciplinas/Micro/MPLab X projects/pisca_pisca_com_input.X/newpic_8b_simple.asm
           LACO_PRINCIPAL   0x000008    program     static /home/matheus/Documentos/Disciplinas/Micro/MPLab X projects/pisca_pisca_com_input.X/newpic_8b_simple.asm
               PISCAR_2HZ   0x00000e    program     static /home/matheus/Documentos/Disciplinas/Micro/MPLab X projects/pisca_pisca_com_input.X/newpic_8b_simple.asm
               PISCAR_5HZ   0x000013    program     static /home/matheus/Documentos/Disciplinas/Micro/MPLab X projects/pisca_pisca_com_input.X/newpic_8b_simple.asm



                              Symbols - Sorted by Address
                     Name    Address   Location    Storage File                     
                ---------  ---------  ---------  --------- ---------                
           LACO_PRINCIPAL   0x000008    program     static /home/matheus/Documentos/Disciplinas/Micro/MPLab X projects/pisca_pisca_com_input.X/newpic_8b_simple.asm
               PISCAR_2HZ   0x00000e    program     static /home/matheus/Documentos/Disciplinas/Micro/MPLab X projects/pisca_pisca_com_input.X/newpic_8b_simple.asm
               PISCAR_5HZ   0x000013    program     static /home/matheus/Documentos/Disciplinas/Micro/MPLab X projects/pisca_pisca_com_input.X/newpic_8b_simple.asm
            ESPERAR_250MS   0x000018    program     static /home/matheus/Documentos/Disciplinas/Micro/MPLab X projects/pisca_pisca_com_input.X/newpic_8b_simple.asm
            ESPERAR_100MS   0x00001b    program     static /home/matheus/Documentos/Disciplinas/Micro/MPLab X projects/pisca_pisca_com_input.X/newpic_8b_simple.asm
        INICIALIZA_TEMPO2   0x00001e    program     static /home/matheus/Documentos/Disciplinas/Micro/MPLab X projects/pisca_pisca_com_input.X/newpic_8b_simple.asm
               DEC_TEMPO2   0x000021    program     static /home/matheus/Documentos/Disciplinas/Micro/MPLab X projects/pisca_pisca_com_input.X/newpic_8b_simple.asm
               DEC_TEMPO1   0x00002c    program     static /home/matheus/Documentos/Disciplinas/Micro/MPLab X projects/pisca_pisca_com_input.X/newpic_8b_simple.asm


