MPLINK 5.08, LINKER
Linker Map File - Created Wed Sep  4 13:52:50 2024

                                 Section Info
                  Section       Type    Address   Location Size(Bytes)
                ---------  ---------  ---------  ---------  ---------
                 RES_VECT       code   0x000000    program   0x00007e
                   .cinit    romdata   0x00003f    program   0x000004
.config_2007_BUILD/DEFAULT/PRODUCTION/NEWPIC_       code   0x002007    program   0x000002



                              Program Memory Usage 
                               Start         End      
                           ---------   ---------      
                            0x000000    0x000040      
                            0x002007    0x002007      
            66 out of 2182 program addresses used, program memory utilization is 3%



                              Symbols - Sorted by Name
                     Name    Address   Location    Storage File                     
                ---------  ---------  ---------  --------- ---------                
         ATUALIZA_DISPLAY   0x000030    program     static /home/matheus/Documentos/Disciplinas/Micro/MPLab X projects/contador.X/newpic_8b_simple.asm
             BUSCA_CODIGO   0x000034    program     static /home/matheus/Documentos/Disciplinas/Micro/MPLab X projects/contador.X/newpic_8b_simple.asm
          B_DOWN_ACIONADO   0x000021    program     static /home/matheus/Documentos/Disciplinas/Micro/MPLab X projects/contador.X/newpic_8b_simple.asm
            B_UP_ACIONADO   0x000015    program     static /home/matheus/Documentos/Disciplinas/Micro/MPLab X projects/contador.X/newpic_8b_simple.asm
         B_ZERAR_ACIONADO   0x000012    program     static /home/matheus/Documentos/Disciplinas/Micro/MPLab X projects/contador.X/newpic_8b_simple.asm
               CARREGAR_9   0x00002d    program     static /home/matheus/Documentos/Disciplinas/Micro/MPLab X projects/contador.X/newpic_8b_simple.asm
           LACO_PRINCIPAL   0x000008    program     static /home/matheus/Documentos/Disciplinas/Micro/MPLab X projects/contador.X/newpic_8b_simple.asm



                              Symbols - Sorted by Address
                     Name    Address   Location    Storage File                     
                ---------  ---------  ---------  --------- ---------                
           LACO_PRINCIPAL   0x000008    program     static /home/matheus/Documentos/Disciplinas/Micro/MPLab X projects/contador.X/newpic_8b_simple.asm
         B_ZERAR_ACIONADO   0x000012    program     static /home/matheus/Documentos/Disciplinas/Micro/MPLab X projects/contador.X/newpic_8b_simple.asm
            B_UP_ACIONADO   0x000015    program     static /home/matheus/Documentos/Disciplinas/Micro/MPLab X projects/contador.X/newpic_8b_simple.asm
          B_DOWN_ACIONADO   0x000021    program     static /home/matheus/Documentos/Disciplinas/Micro/MPLab X projects/contador.X/newpic_8b_simple.asm
               CARREGAR_9   0x00002d    program     static /home/matheus/Documentos/Disciplinas/Micro/MPLab X projects/contador.X/newpic_8b_simple.asm
         ATUALIZA_DISPLAY   0x000030    program     static /home/matheus/Documentos/Disciplinas/Micro/MPLab X projects/contador.X/newpic_8b_simple.asm
             BUSCA_CODIGO   0x000034    program     static /home/matheus/Documentos/Disciplinas/Micro/MPLab X projects/contador.X/newpic_8b_simple.asm


