Microchip MPLAB XC8 Compiler V2.46

Linker command line:

-W-3 --edf=/opt/microchip/xc8/v2.46/pic/dat/20240104201356_en.msgs -cn \
  -h+dist/default/production/v1.X.production.sym \
  --cmf=dist/default/production/v1.X.production.cmf -z -Q16F877A \
  -o/tmp/xcXDhMhEA/driver_tmp_3.obj \
  -Mdist/default/production/v1.X.production.map \
  --md=/tmp/xcXDhMhEA/driver_tmp_0.dat -E1 -ver=XC8 Compiler \
  -ACODE=00h-07FFhx4 -ASTRCODE=00h-01FFFh -ASTRING=00h-0FFhx32 \
  -ACONST=00h-0FFhx32 -AENTRY=00h-0FFhx32 -ACOMMON=070h-07Fh \
  -ABANK0=020h-06Fh -ABANK1=0A0h-0EFh -ABANK2=0110h-016Fh \
  -ABANK3=0190h-01EFh -ARAM=020h-06Fh,0A0h-0EFh,0110h-016Fh,0190h-01EFh \
  -AABS1=020h-07Fh,0A0h-0EFh,0110h-016Fh,0190h-01EFh -ASFR0=00h-01Fh \
  -ASFR1=080h-09Fh -ASFR2=0100h-010Fh -ASFR3=0180h-018Fh \
  -ACONFIG=02007h-02007h -DCONFIG=2 -AIDLOC=02000h-02003h -DIDLOC=2 \
  -AEEDATA=00h-0FFh/02100h -peeprom_data=EEDATA -DEEDATA=2 -DCODE=2 \
  -DSTRCODE=2 -DSTRING=2 -DCONST=2 -DENTRY=2 \
  -preset_vec=00h,intentry=04h,sivt,init,end_init -ppowerup=CODE \
  -pcinit=CODE -pfunctab=ENTRY -k /tmp/xcXDhMhEA/driver_tmp_13.obj \
  dist/default/production/v1.X.production.obj 

Object code version is 3.11

Machine type is 16F877A



                Name                               Link     Load   Length Selector   Space Scale
/tmp/xcXDhMhEA/driver_tmp_13.obj
                end_init                              E        E        3        8       0
                reset_vec                             0        0        3        0       0
                config                             2007     2007        1        0       4
dist/default/production/v1.X.production.obj
                cinit                                11       11       1E        8       0
                intentry                              4        4        A        8       0
                config                             2007     2007        1        0       4
                text9                               23D      23D       AB        8       0
                text8                               3AA      3AA       45        8       0
                text7                               3EF      3EF       20        8       0
                text6                               35C      35C       4E        8       0
                text5                               192      192       AB        8       0
                text4                               420      420       11        8       0
                text3                               2E8      2E8       74        8       0
                text2                               447      447        9        8       0
                text1                               43D      43D        A        8       0
                maintext                             2F       2F      163        8       0
                cstackBANK0                          20       20       17       20       1
                cstackCOMMON                         70       70        7       70       1
                inittext                            40F      40F       11        8       0
                dataBANK0                            37       37        C       20       1
                bssBANK0                             43       43        6       20       1
                dataCOMMON                           79       79        1       70       1
                bssCOMMON                            77       77        2       70       1
                idataBANK0                          431      431        C        8       0
                idataCOMMON                         450      450        1        8       0

TOTAL           Name                               Link     Load   Length     Space
        CLASS   CODE           
                end_init                              E        E        3         0
                cinit                                11       11       1E         0
                intentry                              4        4        A         0
                reset_vec                             0        0        3         0
                text9                               23D      23D       AB         0
                text8                               3AA      3AA       45         0
                text7                               3EF      3EF       20         0
                text6                               35C      35C       4E         0
                text5                               192      192       AB         0
                text4                               420      420       11         0
                text3                               2E8      2E8       74         0
                text2                               447      447        9         0
                text1                               43D      43D        A         0
                maintext                             2F       2F      163         0
                inittext                            40F      40F       11         0
                idataBANK0                          431      431        C         0
                idataCOMMON                         450      450        1         0

        CLASS   STRCODE        

        CLASS   STRING         

        CLASS   CONST          

        CLASS   ENTRY          

        CLASS   COMMON         
                cstackCOMMON                         70       70        7         1
                dataCOMMON                           79       79        1         1
                bssCOMMON                            77       77        2         1

        CLASS   BANK0          
                cstackBANK0                          20       20       17         1
                dataBANK0                            37       37        C         1
                bssBANK0                             43       43        6         1

        CLASS   BANK1          

        CLASS   BANK2          

        CLASS   BANK3          

        CLASS   RAM            

        CLASS   ABS1           
                abs_s1                               7E       7E        2         1

        CLASS   SFR0           

        CLASS   SFR1           

        CLASS   SFR2           

        CLASS   SFR3           

        CLASS   CONFIG         
                config                             2007     2007        1         4

        CLASS   IDLOC          

        CLASS   EEDATA         

        CLASS   HEAP           

        CLASS   STACK          



SEGMENTS        Name                           Load    Length   Top    Selector   Space  Class     Delta

                reset_vec                      000000  000003  000003         0       0  CODE        2
                cstackBANK0                    000020  000029  000049        20       1  BANK0       1
                intentry                       000004  00044D  000451         8       0  CODE        2
                cstackCOMMON                   000070  00000A  00007A        70       1  COMMON      1


UNUSED ADDRESS RANGES

        Name                Unused          Largest block    Delta
        BANK0            0049-006F             27           1
        BANK1            00A0-00EF             50           1
        BANK2            0110-016F             60           1
        BANK3            0190-01EF             60           1
        CODE             0003-0003              1           2
                         0451-1FFF            800
        COMMON           007A-007D              4           1
        CONST            0003-0003              1           2
                         0451-1FFF            100
        EEDATA           2100-21FF            100           2
        ENTRY            0003-0003              1           2
                         0451-1FFF            100
        IDLOC            2000-2003              4           2
        RAM              0049-006F             27           1
                         00A0-00EF             50
                         0110-016F             60
                         0190-01EF             60
        SFR0             0000-001F             20           1
        SFR1             0080-009F             20           1
        SFR2             0100-010F             10           1
        SFR3             0180-018F             10           1
        STRCODE          0003-0003              1           2
                         0451-1FFF           1BAF
        STRING           0003-0003              1           2
                         0451-1FFF            100

                                  Symbol Table

_GIE                     (abs)        005F
_OPTION_REG              (abs)        0081
_PEIE                    (abs)        005E
_PORTAbits               (abs)        0005
_PORTB                   (abs)        0006
_PORTC                   (abs)        0007
_PORTD                   (abs)        0008
_RB0                     (abs)        0030
_RB1                     (abs)        0031
_RB2                     (abs)        0032
_RB3                     (abs)        0033
_RB4                     (abs)        0034
_RB5                     (abs)        0035
_RB6                     (abs)        0036
_T0IE                    (abs)        005D
_T0IF                    (abs)        005A
_TMR0                    (abs)        0001
_TRISA                   (abs)        0085
_TRISB                   (abs)        0086
_TRISC                   (abs)        0087
_TRISD                   (abs)        0088
__H__absolute__          __absolute__ 0000
__Habs1                  abs1         0000
__Hbank0                 bank0        0000
__Hbank1                 bank1        0000
__Hbank2                 bank2        0000
__Hbank3                 bank3        0000
__HbssBANK0              bssBANK0     0000
__HbssCOMMON             bssCOMMON    0000
__Hcinit                 cinit        002F
__Hclrtext               clrtext      0000
__Hcode                  code         0000
__Hcommon                common       0000
__Hconfig                config       2008
__HcstackBANK0           cstackBANK0  0000
__HcstackCOMMON          cstackCOMMON 0000
__HdataBANK0             dataBANK0    0000
__HdataCOMMON            dataCOMMON   0000
__Heeprom_data           eeprom_data  0000
__Hend_init              end_init     0011
__Hfunctab               functab      0000
__Hheap                  heap         0000
__HidataBANK0            idataBANK0   0000
__HidataCOMMON           idataCOMMON  0000
__Hinit                  init         000E
__Hinittext              inittext     0000
__Hintentry              intentry     000E
__Hmaintext              maintext     0000
__Hpowerup               powerup      0000
__Hram                   ram          0000
__Hreset_vec             reset_vec    0003
__Hsfr0                  sfr0         0000
__Hsfr1                  sfr1         0000
__Hsfr2                  sfr2         0000
__Hsfr3                  sfr3         0000
__Hsivt                  sivt         000E
__Hspace_0               (abs)        0451
__Hspace_1               (abs)        007A
__Hspace_2               (abs)        0000
__Hspace_3               (abs)        0000
__Hspace_4               (abs)        400F
__Hstack                 stack        0000
__Hstrings               strings      0000
__Htext                  text         0000
__L__absolute__          __absolute__ 0000
__Labs1                  abs1         0000
__Lbank0                 bank0        0000
__Lbank1                 bank1        0000
__Lbank2                 bank2        0000
__Lbank3                 bank3        0000
__LbssBANK0              bssBANK0     0000
__LbssCOMMON             bssCOMMON    0000
__Lcinit                 cinit        0011
__Lclrtext               clrtext      0000
__Lcode                  code         0000
__Lcommon                common       0000
__Lconfig                config       0000
__LcstackBANK0           cstackBANK0  0000
__LcstackCOMMON          cstackCOMMON 0000
__LdataBANK0             dataBANK0    0000
__LdataCOMMON            dataCOMMON   0000
__Leeprom_data           eeprom_data  0000
__Lend_init              end_init     000E
__Lfunctab               functab      0000
__Lheap                  heap         0000
__LidataBANK0            idataBANK0   0000
__LidataCOMMON           idataCOMMON  0000
__Linit                  init         000E
__Linittext              inittext     0000
__Lintentry              intentry     0004
__Lmaintext              maintext     0000
__Lpowerup               powerup      0000
__Lram                   ram          0000
__Lreset_vec             reset_vec    0000
__Lsfr0                  sfr0         0000
__Lsfr1                  sfr1         0000
__Lsfr2                  sfr2         0000
__Lsfr3                  sfr3         0000
__Lsivt                  sivt         000E
__Lspace_0               (abs)        0000
__Lspace_1               (abs)        0000
__Lspace_2               (abs)        0000
__Lspace_3               (abs)        0000
__Lspace_4               (abs)        0000
__Lstack                 stack        0000
__Lstrings               strings      0000
__Ltext                  text         0000
__S0                     (abs)        0451
__S1                     (abs)        007A
__S3                     (abs)        0000
___bmul                  text4        0420
___bmul@multiplicand     cstackBANK0  0020
___bmul@multiplier       cstackBANK0  0023
___bmul@product          cstackBANK0  0022
___heap_hi               (abs)        0000
___heap_lo               (abs)        0000
___int_sp                stack        0000
___int_stack_hi          stack        0000
___int_stack_lo          stack        0000
___latbits               (abs)        0002
___sp                    stack        0000
___stack_hi              stack        0000
___stack_lo              stack        0000
___stackhi               (abs)        0000
___stacklo               (abs)        0000
__end_of___bmul          text4        0431
__end_of__initialization cinit        002B
__end_of_blink           text6        03AA
__end_of_delay_ms        text7        040F
__end_of_display         text5        023D
__end_of_isr             text8        03EF
__end_of_key             text3        035C
__end_of_keyinit         text2        0450
__end_of_main            maintext     0192
__end_of_timer0_init     text1        0447
__end_ofi1_display       text9        02E8
__initialization         cinit        0011
__pbssBANK0              bssBANK0     0043
__pbssCOMMON             bssCOMMON    0077
__pcstackBANK0           cstackBANK0  0020
__pcstackCOMMON          cstackCOMMON 0070
__pdataBANK0             dataBANK0    0037
__pdataCOMMON            dataCOMMON   0079
__pidataBANK0            idataBANK0   0431
__pidataCOMMON           idataCOMMON  0450
__pintentry              intentry     0004
__pmaintext              maintext     002F
__ptext1                 text1        043D
__ptext2                 text2        0447
__ptext3                 text3        02E8
__ptext4                 text4        0420
__ptext5                 text5        0192
__ptext6                 text6        035C
__ptext7                 text7        03EF
__ptext8                 text8        03AA
__ptext9                 text9        023D
_blink                   text6        035C
_colloc                  bssBANK0     0047
_delay_ms                text7        03EF
_display                 text5        0192
_display_state           dataCOMMON   0079
_interrupt_count         bssCOMMON    0077
_isr                     text8        03AA
_key                     text3        02E8
_keyinit                 text2        0447
_keypad                  dataBANK0    0037
_main                    maintext     002F
_rowloc                  bssBANK0     0048
_timer0_init             text1        043D
blink@n                  cstackBANK0  0026
blink@port               cstackBANK0  002A
blink@t                  cstackBANK0  002E
blink@v_delay_ms         cstackBANK0  0028
btemp                    (abs)        007E
delay_ms@i               cstackBANK0  0022
delay_ms@j               cstackBANK0  0024
delay_ms@milliseconds    cstackBANK0  0020
display@PORT             cstackBANK0  0022
display@num              cstackBANK0  0021
display@port             cstackBANK0  0020
end_of_initialization    cinit        002B
i1_display               text9        023D
i1display@PORT           cstackCOMMON 0072
i1display@num            cstackCOMMON 0071
i1display@port           cstackCOMMON 0070
init_fetch0              inittext     040F
init_ram0                inittext     0413
interrupt_function       intentry     0004
intlevel0                functab      0000
intlevel1                functab      0000
intlevel2                functab      0000
intlevel3                functab      0000
intlevel4                functab      0000
intlevel5                functab      0000
main@confirmation        cstackBANK0  0030
main@i                   cstackBANK0  0035
main@i_112               cstackBANK0  0036
main@new_password        cstackBANK0  0033
main@password            cstackBANK0  0031
reset_vec                reset_vec    0000
saved_w                  (abs)        007E
start                    init         000E
start_initialization     cinit        0011
wtemp0                   (abs)        007E


MODULE INFORMATION

Module		Function		Class		Link	Load	Size
main_v1_1.c
		_display       		CODE           	0192	0000	171
		_main          		CODE           	002F	0000	355
		_timer0_init   		CODE           	043D	0000	10
		_keyinit       		CODE           	0447	0000	9
		_isr           		CODE           	03AA	0000	69
		_key           		CODE           	02E8	0000	116
		_delay_ms      		CODE           	03EF	0000	32
		_blink         		CODE           	035C	0000	78

main_v1_1.c estimated size: 840

/opt/microchip/xc8/v2.46/pic/sources/c90/common/Umul8.c
		___bmul        		CODE           	0420	0000	17

/opt/microchip/xc8/v2.46/pic/sources/c90/common/Umul8.c estimated size: 17

shared
		__initialization		CODE           	0011	0000	26
		i1_display     		CODE           	023D	0000	171

shared estimated size: 197

