MPLINK 5.08, LINKER
Linker Map File - Created Fri Aug  9 15:45:17 2024

                                 Section Info
                  Section       Type    Address   Location Size(Bytes)
                ---------  ---------  ---------  ---------  ---------
                 RES_VECT       code   0x000000    program   0x000030
                   .cinit    romdata   0x000018    program   0x000004
.config_2007_BUILD/DEFAULT/PRODUCTION/NEWPIC_       code   0x002007    program   0x000002



                              Program Memory Usage 
                               Start         End      
                           ---------   ---------      
                            0x000000    0x000019      
                            0x002007    0x002007      
            27 out of 2182 program addresses used, program memory utilization is 1%



                              Symbols - Sorted by Name
                     Name    Address   Location    Storage File                     
                ---------  ---------  ---------  --------- ---------                
           ACENDE_LAMPADA   0x000012    program     static /home/matheus/Documentos/Disciplinas/Micro/MPLab X projects/led_swich.X/newpic_8b_simple.asm
                     LOOP   0x000007    program     static /home/matheus/Documentos/Disciplinas/Micro/MPLab X projects/led_swich.X/newpic_8b_simple.asm
             NAO_ACIONADO   0x000014    program     static /home/matheus/Documentos/Disciplinas/Micro/MPLab X projects/led_swich.X/newpic_8b_simple.asm



                              Symbols - Sorted by Address
                     Name    Address   Location    Storage File                     
                ---------  ---------  ---------  --------- ---------                
                     LOOP   0x000007    program     static /home/matheus/Documentos/Disciplinas/Micro/MPLab X projects/led_swich.X/newpic_8b_simple.asm
           ACENDE_LAMPADA   0x000012    program     static /home/matheus/Documentos/Disciplinas/Micro/MPLab X projects/led_swich.X/newpic_8b_simple.asm
             NAO_ACIONADO   0x000014    program     static /home/matheus/Documentos/Disciplinas/Micro/MPLab X projects/led_swich.X/newpic_8b_simple.asm


